<?php return array (
  0 => 'Sensio\\Bundle\\FrameworkExtraBundle\\EventListener\\ControllerListener',
  1 => 'Sensio\\Bundle\\FrameworkExtraBundle\\EventListener\\ParamConverterListener',
  2 => 'Sensio\\Bundle\\FrameworkExtraBundle\\Request\\ParamConverter\\DateTimeParamConverter',
  3 => 'Sensio\\Bundle\\FrameworkExtraBundle\\Request\\ParamConverter\\DoctrineParamConverter',
  4 => 'Sensio\\Bundle\\FrameworkExtraBundle\\Request\\ParamConverter\\ParamConverterInterface',
  5 => 'Sensio\\Bundle\\FrameworkExtraBundle\\Request\\ParamConverter\\ParamConverterManager',
  6 => 'Sensio\\Bundle\\FrameworkExtraBundle\\EventListener\\TemplateListener',
  7 => 'Sensio\\Bundle\\FrameworkExtraBundle\\EventListener\\HttpCacheListener',
  8 => 'Sensio\\Bundle\\FrameworkExtraBundle\\EventListener\\SecurityListener',
  9 => 'Sensio\\Bundle\\FrameworkExtraBundle\\Configuration\\ConfigurationAnnotation',
  10 => 'Symfony\\Component\\Routing\\Generator\\UrlGenerator',
  11 => 'Symfony\\Component\\Routing\\RequestContext',
  12 => 'Symfony\\Component\\Routing\\Router',
  13 => 'Symfony\\Bundle\\FrameworkBundle\\Routing\\RedirectableUrlMatcher',
  14 => 'Symfony\\Bundle\\FrameworkBundle\\Routing\\Router',
  15 => 'Symfony\\Component\\Config\\FileLocator',
  16 => 'Symfony\\Component\\Debug\\ErrorHandler',
  17 => 'Symfony\\Component\\EventDispatcher\\Event',
  18 => 'Symfony\\Component\\EventDispatcher\\ContainerAwareEventDispatcher',
  19 => 'Symfony\\Component\\HttpKernel\\EventListener\\ResponseListener',
  20 => 'Symfony\\Component\\HttpKernel\\EventListener\\RouterListener',
  21 => 'Symfony\\Component\\HttpKernel\\Controller\\ControllerResolver',
  22 => 'Symfony\\Component\\HttpKernel\\Event\\KernelEvent',
  23 => 'Symfony\\Component\\HttpKernel\\Event\\FilterControllerEvent',
  24 => 'Symfony\\Component\\HttpKernel\\Event\\FilterResponseEvent',
  25 => 'Symfony\\Component\\HttpKernel\\Event\\GetResponseEvent',
  26 => 'Symfony\\Component\\HttpKernel\\Event\\GetResponseForControllerResultEvent',
  27 => 'Symfony\\Component\\HttpKernel\\Event\\GetResponseForExceptionEvent',
  28 => 'Symfony\\Component\\HttpKernel\\KernelEvents',
  29 => 'Symfony\\Component\\HttpKernel\\Config\\FileLocator',
  30 => 'Symfony\\Bundle\\FrameworkBundle\\Controller\\ControllerNameParser',
  31 => 'Symfony\\Bundle\\FrameworkBundle\\Controller\\ControllerResolver',
);